
> scripts-solana-2@1.0.0 test:devnet
> RUN_DEVNET_TESTS=true node --test -r ts-node/register tests/devnet.integration.test.ts

bigint: Failed to load bindings, pure JS will be used (try npm run rebuild?)
[rpc] Devnet genesis hash: started
[rpc] Devnet wallet balance: started
[rpc] Devnet genesis hash: complete elapsed=310ms
[rpc] Devnet wallet balance: complete elapsed=311ms

Devnet preflight passed
Wallet: /Users/mishra/.config/solana/id.json
Address: C9CnYM5j7bkH2JcBXkd4L9aYThLsSDnuDrDyJgg7thJh
Balance: 4.536313815 SOL
Cluster: devnet
RPC: https://api.devnet.solana.com/

[1/8] Create SPL Mint: started
[rpc] SPL mint rent exemption: started
[rpc] SPL mint rent exemption: complete elapsed=87ms
[sim] SPL transaction: signature=UvpsojjyunGSuUQgwbGjWhZ7LEaWoXbM5kssgpCbGAVhfd4pFCoUPMNfApCb2G2sLfBnmRm7nwuK4ax9G7D2p5U slot=492573869 result=ok units=249 logs=5
[tx] SPL transaction: signature=UvpsojjyunGSuUQgwbGjWhZ7LEaWoXbM5kssgpCbGAVhfd4pFCoUPMNfApCb2G2sLfBnmRm7nwuK4ax9G7D2p5U instructions=2 confirmation=confirmed status=sending
[tx] SPL transaction: signature=UvpsojjyunGSuUQgwbGjWhZ7LEaWoXbM5kssgpCbGAVhfd4pFCoUPMNfApCb2G2sLfBnmRm7nwuK4ax9G7D2p5U slot=492573873 confirmation=confirmed error=none elapsed=800ms
[rpc] Verify created SPL mint: started
[rpc] Verify created SPL mint: complete elapsed=87ms
[1/8] Create SPL Mint: complete elapsed=1158ms
[1/8] Create SPL Mint: mint=22angeqJwxLHSPZQVByaKnSGMp89w5egM3JeYJYVrwi7 signature=UvpsojjyunGSuUQgwbGjWhZ7LEaWoXbM5kssgpCbGAVhfd4pFCoUPMNfApCb2G2sLfBnmRm7nwuK4ax9G7D2p5U
[2/8] Mint SPL Supply: started
[rpc] Fetch SPL mint before minting: started
[rpc] Fetch owner ATA before minting: started
[rpc] Fetch owner ATA before minting: complete elapsed=150ms
[rpc] Fetch SPL mint before minting: complete elapsed=151ms
[sim] SPL transaction: signature=Dp5yjod1aTU5reedpGviUVrLcqhv72XV6gLXeu8Dcj9Jj9XRtcDDAFzPDfh3PVa9igdTZtS2uSZguZhtPeE7cFB slot=492573875 result=ok units=15067 logs=20
[tx] SPL transaction: signature=Dp5yjod1aTU5reedpGviUVrLcqhv72XV6gLXeu8Dcj9Jj9XRtcDDAFzPDfh3PVa9igdTZtS2uSZguZhtPeE7cFB instructions=2 confirmation=confirmed status=sending
[tx] SPL transaction: signature=Dp5yjod1aTU5reedpGviUVrLcqhv72XV6gLXeu8Dcj9Jj9XRtcDDAFzPDfh3PVa9igdTZtS2uSZguZhtPeE7cFB slot=492573880 confirmation=confirmed error=none elapsed=958ms
[rpc] Verify SPL mint supply: started
[rpc] Verify owner ATA balance: started
[rpc] Verify owner ATA balance: complete elapsed=89ms
[rpc] Verify SPL mint supply: complete elapsed=105ms
[2/8] Mint SPL Supply: complete elapsed=1308ms
[2/8] Mint SPL Supply: ata=9KSCk8Gn44SKCmMWYKyfFLESPqsRyhMkdy6jf1N6kwHW signature=Dp5yjod1aTU5reedpGviUVrLcqhv72XV6gLXeu8Dcj9Jj9XRtcDDAFzPDfh3PVa9igdTZtS2uSZguZhtPeE7cFB
[3/8] Transfer SPL Tokens: started
[rpc] Fetch source ATA before transfer: started
[rpc] Fetch source ATA before transfer: complete elapsed=110ms
[rpc] Fetch destination ATA before transfer: started
[rpc] Fetch destination ATA before transfer: complete elapsed=106ms
[sim] SPL transaction: signature=So3KPi7NzdpYxMXCN2rN9hcE3A4bmQq9CACRZew4Md95mVhpK3FCfbQGkNh8FFxU7SmPUL2QR6ysBfP5eeX74Le slot=492573884 result=ok units=13623 logs=20
[tx] SPL transaction: signature=So3KPi7NzdpYxMXCN2rN9hcE3A4bmQq9CACRZew4Md95mVhpK3FCfbQGkNh8FFxU7SmPUL2QR6ysBfP5eeX74Le instructions=2 confirmation=confirmed status=sending
[tx] SPL transaction: signature=So3KPi7NzdpYxMXCN2rN9hcE3A4bmQq9CACRZew4Md95mVhpK3FCfbQGkNh8FFxU7SmPUL2QR6ysBfP5eeX74Le slot=492573888 confirmation=confirmed error=none elapsed=847ms
[rpc] Verify source ATA after transfer: started
[rpc] Verify destination ATA after transfer: started
[rpc] Verify source ATA after transfer: complete elapsed=86ms
[rpc] Verify destination ATA after transfer: complete elapsed=294ms
[3/8] Transfer SPL Tokens: complete elapsed=1469ms
[3/8] Transfer SPL Tokens: recipient=9cs3Ncj4nx1YVVGBTJC74V4adrdYQCuHRyrGCVdTo3G4 signature=So3KPi7NzdpYxMXCN2rN9hcE3A4bmQq9CACRZew4Md95mVhpK3FCfbQGkNh8FFxU7SmPUL2QR6ysBfP5eeX74Le
[metadata] initial=https://raw.githubusercontent.com/aashwani106/spl-nft-q326/main/tests/fixtures/core-metadata.json
[metadata] updated=https://raw.githubusercontent.com/aashwani106/spl-nft-q326/main/tests/fixtures/core-metadata-updated.json
[4/8] Create MPL Core Asset: started
[tx] Create MPL Core asset: preparing transaction
[sim] Create MPL Core asset: result=ok units=8333 logs=7
[tx] Create MPL Core asset: signature=cvQr533AMix9X1yAKTBPvG5yqmAfShoiYQfLurg5HM7kDJsndafTUe7G6JkUqnu4yQ6kCqJ9jXq5QeMeqis16YA status=submitted; awaiting finalized confirmation
Server responded with 429 Too Many Requests.  Retrying after 500ms delay...
Server responded with 429 Too Many Requests.  Retrying after 1000ms delay...
Server responded with 429 Too Many Requests.  Retrying after 2000ms delay...
Server responded with 429 Too Many Requests.  Retrying after 500ms delay...
Server responded with 429 Too Many Requests.  Retrying after 1000ms delay...
Server responded with 429 Too Many Requests.  Retrying after 4000ms delay...
[tx] Create MPL Core asset: signature=cvQr533AMix9X1yAKTBPvG5yqmAfShoiYQfLurg5HM7kDJsndafTUe7G6JkUqnu4yQ6kCqJ9jXq5QeMeqis16YA slot=492573895 confirmation=finalized error=none elapsed=8218ms
[rpc] Verify created MPL Core asset: fetchAsset address=FW2ePpYXHL2rSxy8J6P1BEHmfGuCk7C7cn9nx1qugya9
[rpc] Verify created MPL Core asset: fetchAsset complete address=FW2ePpYXHL2rSxy8J6P1BEHmfGuCk7C7cn9nx1qugya9 elapsed=129ms
[4/8] Create MPL Core Asset: complete elapsed=8353ms
[4/8] Create MPL Core Asset: asset=FW2ePpYXHL2rSxy8J6P1BEHmfGuCk7C7cn9nx1qugya9 signature=cvQr533AMix9X1yAKTBPvG5yqmAfShoiYQfLurg5HM7kDJsndafTUe7G6JkUqnu4yQ6kCqJ9jXq5QeMeqis16YA
[5/8] Unauthorized Update Test: started
[tx] Unauthorized MPL Core update: preparing transaction
[sim] Unauthorized MPL Core update: result=failed units=5366 logs=5
[5/8] Unauthorized Update Test: failed elapsed=185ms error=AssertionError [ERR_ASSERTION]: The expression evaluated to a falsy value:

  ok(error instanceof mpl_core_1.InvalidAuthorityError)

✖ full SPL Token and MPL Core lifecycle on devnet (12834.89825ms)
ℹ tests 1
ℹ suites 0
ℹ pass 0
ℹ fail 1
ℹ cancelled 0
ℹ skipped 0
ℹ todo 0
ℹ duration_ms 16884.391167

✖ failing tests:

test at tests/devnet.integration.test.ts:51:25
✖ full SPL Token and MPL Core lifecycle on devnet (12834.89825ms)
  AssertionError [ERR_ASSERTION]: The expression evaluated to a falsy value:
  
    ok(error instanceof mpl_core_1.InvalidAuthorityError)
  
      at Object.<anonymous> (/Users/mishra/Desktop/solana/turbine/spl-nft-q326/tests/devnet.integration.test.ts:126:20)
      at expectedException (node:assert:578:17)
      at expectsError (node:assert:703:21)
      at strict.rejects (node:assert:769:3)
      at processTicksAndRejections (node:internal/process/task_queues:105:5)
      at async /Users/mishra/Desktop/solana/turbine/spl-nft-q326/tests/devnet.integration.test.ts:112:9
      at async lifecycleStep (/Users/mishra/Desktop/solana/turbine/spl-nft-q326/tests/devnet.integration.test.ts:34:20)
      at async TestContext.<anonymous> (/Users/mishra/Desktop/solana/turbine/spl-nft-q326/tests/devnet.integration.test.ts:109:5)
      at async Test.run (node:internal/test_runner/test:1113:7)
      at async startSubtestAfterBootstrap (node:internal/test_runner/harness:358:3) {
    generatedMessage: true,
    code: 'ERR_ASSERTION',
    actual: false,
    expected: true,
    operator: '==',
    diff: 'simple'
  }
