
> scripts-solana-2@1.0.0 test:devnet
> RUN_DEVNET_TESTS=true node --test -r ts-node/register tests/devnet.integration.test.ts

bigint: Failed to load bindings, pure JS will be used (try npm run rebuild?)
[rpc] Devnet genesis hash: started
[rpc] Devnet wallet balance: started
[rpc] Devnet wallet balance: complete elapsed=273ms
[rpc] Devnet genesis hash: complete elapsed=281ms

Devnet preflight passed
Wallet: /Users/mishra/.config/solana/id.json
Address: C9CnYM5j7bkH2JcBXkd4L9aYThLsSDnuDrDyJgg7thJh
Balance: 4.510890014 SOL
Cluster: devnet
RPC: https://api.devnet.solana.com/

[1/8] Create SPL Mint: started
[rpc] SPL mint rent exemption: started
[rpc] SPL mint rent exemption: complete elapsed=89ms
[sim] SPL transaction: signature=PArgxiUhaUAHCxdkmD2dfbh2W4XrtKQyNdHMKGyTxDEFSVru7v96y216BfdfTDCA3w8eLH7xeh7T6jvQ5bErn7Y slot=492574840 result=ok units=249 logs=5
[tx] SPL transaction: signature=PArgxiUhaUAHCxdkmD2dfbh2W4XrtKQyNdHMKGyTxDEFSVru7v96y216BfdfTDCA3w8eLH7xeh7T6jvQ5bErn7Y instructions=2 confirmation=confirmed status=sending
[tx] SPL transaction: signature=PArgxiUhaUAHCxdkmD2dfbh2W4XrtKQyNdHMKGyTxDEFSVru7v96y216BfdfTDCA3w8eLH7xeh7T6jvQ5bErn7Y slot=492574844 confirmation=confirmed error=none elapsed=738ms
[rpc] Verify created SPL mint: started
[rpc] Verify created SPL mint: complete elapsed=89ms
[1/8] Create SPL Mint: complete elapsed=1099ms
[1/8] Create SPL Mint: mint=3rZ3ndk8LFPjcmWYveZ9ijFC7oX76Udz3eaejik5HU1b signature=PArgxiUhaUAHCxdkmD2dfbh2W4XrtKQyNdHMKGyTxDEFSVru7v96y216BfdfTDCA3w8eLH7xeh7T6jvQ5bErn7Y
[2/8] Mint SPL Supply: started
[rpc] Fetch SPL mint before minting: started
[rpc] Fetch owner ATA before minting: started
[rpc] Fetch SPL mint before minting: complete elapsed=86ms
[rpc] Fetch owner ATA before minting: complete elapsed=496ms
[sim] SPL transaction: signature=2GDbWqGvQBgQkruGW253M5yiDgCWLK9zDksXfsCrAmBtz7aouSavyQbyLgm83canwtTH7EHJa8sLQL89CUpDwN6d slot=492574849 result=ok units=13567 logs=20
[tx] SPL transaction: signature=2GDbWqGvQBgQkruGW253M5yiDgCWLK9zDksXfsCrAmBtz7aouSavyQbyLgm83canwtTH7EHJa8sLQL89CUpDwN6d instructions=2 confirmation=confirmed status=sending
[tx] SPL transaction: signature=2GDbWqGvQBgQkruGW253M5yiDgCWLK9zDksXfsCrAmBtz7aouSavyQbyLgm83canwtTH7EHJa8sLQL89CUpDwN6d slot=492574853 confirmation=confirmed error=none elapsed=918ms
[rpc] Verify SPL mint supply: started
[rpc] Verify owner ATA balance: started
[rpc] Verify owner ATA balance: complete elapsed=79ms
[rpc] Verify SPL mint supply: complete elapsed=89ms
[2/8] Mint SPL Supply: complete elapsed=1601ms
[2/8] Mint SPL Supply: ata=Ce35eSER3aU82fauf9GBVHxMcGsc4Viq975LuTiVndje signature=2GDbWqGvQBgQkruGW253M5yiDgCWLK9zDksXfsCrAmBtz7aouSavyQbyLgm83canwtTH7EHJa8sLQL89CUpDwN6d
[3/8] Transfer SPL Tokens: started
[rpc] Fetch source ATA before transfer: started
[rpc] Fetch source ATA before transfer: complete elapsed=153ms
[rpc] Fetch destination ATA before transfer: started
[rpc] Fetch destination ATA before transfer: complete elapsed=82ms
[sim] SPL transaction: signature=2KZwUoc9qby61nUkq2CbCXYThijBLkbCrHvEgCDmbZm4fGn1maGDceRcqg3bEKxRkYPmfN6Re1UQkdxBtx6QbCQk slot=492574857 result=ok units=13623 logs=20
[tx] SPL transaction: signature=2KZwUoc9qby61nUkq2CbCXYThijBLkbCrHvEgCDmbZm4fGn1maGDceRcqg3bEKxRkYPmfN6Re1UQkdxBtx6QbCQk instructions=2 confirmation=confirmed status=sending
[tx] SPL transaction: signature=2KZwUoc9qby61nUkq2CbCXYThijBLkbCrHvEgCDmbZm4fGn1maGDceRcqg3bEKxRkYPmfN6Re1UQkdxBtx6QbCQk slot=492574861 confirmation=confirmed error=none elapsed=886ms
[rpc] Verify source ATA after transfer: started
[rpc] Verify destination ATA after transfer: started
[rpc] Verify destination ATA after transfer: complete elapsed=87ms
[rpc] Verify source ATA after transfer: complete elapsed=89ms
[3/8] Transfer SPL Tokens: complete elapsed=1310ms
[3/8] Transfer SPL Tokens: recipient=7KxX41rQUUtANyb9oQqcsFPh7pC3YvnkKVoWBWj2zy5z signature=2KZwUoc9qby61nUkq2CbCXYThijBLkbCrHvEgCDmbZm4fGn1maGDceRcqg3bEKxRkYPmfN6Re1UQkdxBtx6QbCQk
[metadata] initial=https://raw.githubusercontent.com/aashwani106/spl-nft-q326/main/tests/fixtures/core-metadata.json
[metadata] updated=https://raw.githubusercontent.com/aashwani106/spl-nft-q326/main/tests/fixtures/core-metadata-updated.json
[4/8] Create MPL Core Asset: started
[tx] Create MPL Core asset: preparing transaction
[sim] Create MPL Core asset: result=ok units=8333 logs=7
[tx] Create MPL Core asset: signature=4MRT2emhP2AKukfsDV7gZpw5CbmJ9E8cHuPpCYvC1fmRA64n3GeYtonXabWhe63xdptnwHhxcdir2DfB9ikQwPNk status=submitted; awaiting finalized confirmation
Server responded with 429 Too Many Requests.  Retrying after 500ms delay...
Server responded with 429 Too Many Requests.  Retrying after 1000ms delay...
Server responded with 429 Too Many Requests.  Retrying after 2000ms delay...
Server responded with 429 Too Many Requests.  Retrying after 500ms delay...
[tx] Create MPL Core asset: signature=4MRT2emhP2AKukfsDV7gZpw5CbmJ9E8cHuPpCYvC1fmRA64n3GeYtonXabWhe63xdptnwHhxcdir2DfB9ikQwPNk slot=492574867 confirmation=finalized error=none elapsed=7113ms
[rpc] Verify created MPL Core asset: fetchAsset address=LfYR3PZM8Ny1K4bdYhGBrf1JireYwDSCK5iKgDHi5JV
Server responded with 429 Too Many Requests.  Retrying after 500ms delay...
[rpc] Verify created MPL Core asset: fetchAsset complete address=LfYR3PZM8Ny1K4bdYhGBrf1JireYwDSCK5iKgDHi5JV elapsed=852ms
[4/8] Create MPL Core Asset: complete elapsed=7970ms
[4/8] Create MPL Core Asset: asset=LfYR3PZM8Ny1K4bdYhGBrf1JireYwDSCK5iKgDHi5JV signature=4MRT2emhP2AKukfsDV7gZpw5CbmJ9E8cHuPpCYvC1fmRA64n3GeYtonXabWhe63xdptnwHhxcdir2DfB9ikQwPNk
[5/8] Unauthorized Update Test: started
[tx] Unauthorized MPL Core update: preparing transaction
[sim] Unauthorized MPL Core update: result=failed units=5366 logs=5
[sim] Unauthorized MPL Core update: error={"InstructionError":[0,{"Custom":26}]}
Program CoREENxT6tW1HoK8ypY1SxRMZTcVPm7R94rH4PZNhX7d invoke [1]
Program log: Instruction: UpdateV2
Program log: Error: Custom program error: 0x1a
Program CoREENxT6tW1HoK8ypY1SxRMZTcVPm7R94rH4PZNhX7d consumed 5366 of 200000 compute units
Program CoREENxT6tW1HoK8ypY1SxRMZTcVPm7R94rH4PZNhX7d failed: custom program error: 0x1a
[5/8] Unauthorized Update Test: expectedError=NoApprovals
[5/8] Unauthorized Update Test: complete elapsed=161ms
[rpc] Verify rejected unauthorized update: fetchAsset address=LfYR3PZM8Ny1K4bdYhGBrf1JireYwDSCK5iKgDHi5JV
Server responded with 429 Too Many Requests.  Retrying after 500ms delay...
[rpc] Verify rejected unauthorized update: fetchAsset complete address=LfYR3PZM8Ny1K4bdYhGBrf1JireYwDSCK5iKgDHi5JV elapsed=916ms
[6/8] Authorized Update: started
[rpc] Fetch MPL Core asset before update: fetchAsset address=LfYR3PZM8Ny1K4bdYhGBrf1JireYwDSCK5iKgDHi5JV
[rpc] Fetch MPL Core asset before update: fetchAsset complete address=LfYR3PZM8Ny1K4bdYhGBrf1JireYwDSCK5iKgDHi5JV elapsed=95ms
[tx] Update MPL Core asset: preparing transaction
[sim] Update MPL Core asset: result=ok units=7969 logs=7
[tx] Update MPL Core asset: signature=3yref8LLNHav6uyH7vXienDwE1viT9QbPurBKCXAA5A4DbbuvCHUtjgDCwdcg1Ed7fjxpDyJV2HGqRUNyWuS47G1 status=submitted; awaiting finalized confirmation
Server responded with 429 Too Many Requests.  Retrying after 500ms delay...
ws error: Unexpected server response: 429
[tx] Update MPL Core asset: signature=3yref8LLNHav6uyH7vXienDwE1viT9QbPurBKCXAA5A4DbbuvCHUtjgDCwdcg1Ed7fjxpDyJV2HGqRUNyWuS47G1 slot=492574921 confirmation=finalized error=none elapsed=5924ms
[rpc] Verify updated MPL Core asset: fetchAsset address=LfYR3PZM8Ny1K4bdYhGBrf1JireYwDSCK5iKgDHi5JV
[rpc] Verify updated MPL Core asset: fetchAsset complete address=LfYR3PZM8Ny1K4bdYhGBrf1JireYwDSCK5iKgDHi5JV elapsed=111ms
[6/8] Authorized Update: complete elapsed=6134ms
[6/8] Authorized Update: signature=3yref8LLNHav6uyH7vXienDwE1viT9QbPurBKCXAA5A4DbbuvCHUtjgDCwdcg1Ed7fjxpDyJV2HGqRUNyWuS47G1
[7/8] Transfer NFT: started
[rpc] Fetch MPL Core asset before transfer: fetchAsset address=LfYR3PZM8Ny1K4bdYhGBrf1JireYwDSCK5iKgDHi5JV
[rpc] Fetch MPL Core asset before transfer: fetchAsset complete address=LfYR3PZM8Ny1K4bdYhGBrf1JireYwDSCK5iKgDHi5JV elapsed=108ms
[tx] Transfer MPL Core asset: preparing transaction
[sim] Transfer MPL Core asset: result=ok units=4028 logs=5
[tx] Transfer MPL Core asset: signature=4AajQCeYHYcNEf6CBw6rsx8wPTfhNaSWi25vrzZvKgnLzSGkZomkzGp5v1ZuSE9VgKGUXJ6ZgUwxCMNxci7V5MFf status=submitted; awaiting finalized confirmation
[tx] Transfer MPL Core asset: signature=4AajQCeYHYcNEf6CBw6rsx8wPTfhNaSWi25vrzZvKgnLzSGkZomkzGp5v1ZuSE9VgKGUXJ6ZgUwxCMNxci7V5MFf slot=492574960 confirmation=finalized error=none elapsed=6336ms
[rpc] Verify transferred MPL Core asset: fetchAsset address=LfYR3PZM8Ny1K4bdYhGBrf1JireYwDSCK5iKgDHi5JV
[rpc] Verify transferred MPL Core asset: fetchAsset complete address=LfYR3PZM8Ny1K4bdYhGBrf1JireYwDSCK5iKgDHi5JV elapsed=108ms
[7/8] Transfer NFT: complete elapsed=6555ms
[7/8] Transfer NFT: recipient=4jVaaaz5zQ6p11MSuPsZ7af6MANroWwozghqm955Wax9 signature=4AajQCeYHYcNEf6CBw6rsx8wPTfhNaSWi25vrzZvKgnLzSGkZomkzGp5v1ZuSE9VgKGUXJ6ZgUwxCMNxci7V5MFf
[8/8] Burn NFT: started
[rpc] Fetch MPL Core asset before burn: fetchAsset address=LfYR3PZM8Ny1K4bdYhGBrf1JireYwDSCK5iKgDHi5JV
[rpc] Fetch MPL Core asset before burn: fetchAsset complete address=LfYR3PZM8Ny1K4bdYhGBrf1JireYwDSCK5iKgDHi5JV elapsed=146ms
[tx] Burn MPL Core asset: preparing transaction
[sim] Burn MPL Core asset: result=ok units=4487 logs=5
[tx] Burn MPL Core asset: signature=3h4Mz2DyMCTwBjQbGNECzUHhpEpEEmcsk5vSHUZWPyXgVNq3aEBSjuW5qKieTybS6L2rwJYdVrJbhdNNdvg11uzu status=submitted; awaiting finalized confirmation
[tx] Burn MPL Core asset: signature=3h4Mz2DyMCTwBjQbGNECzUHhpEpEEmcsk5vSHUZWPyXgVNq3aEBSjuW5qKieTybS6L2rwJYdVrJbhdNNdvg11uzu slot=492574999 confirmation=finalized error=none elapsed=6001ms
[rpc] Verify burned MPL Core asset is not deserializable: fetchAsset address=LfYR3PZM8Ny1K4bdYhGBrf1JireYwDSCK5iKgDHi5JV
[rpc] Inspect burned MPL Core tombstone: getAccount address=LfYR3PZM8Ny1K4bdYhGBrf1JireYwDSCK5iKgDHi5JV
[rpc] Inspect burned MPL Core tombstone: getAccount complete address=LfYR3PZM8Ny1K4bdYhGBrf1JireYwDSCK5iKgDHi5JV exists=true elapsed=109ms
[8/8] Burn NFT: complete elapsed=6540ms
[8/8] Burn NFT: asset=LfYR3PZM8Ny1K4bdYhGBrf1JireYwDSCK5iKgDHi5JV signature=3h4Mz2DyMCTwBjQbGNECzUHhpEpEEmcsk5vSHUZWPyXgVNq3aEBSjuW5qKieTybS6L2rwJYdVrJbhdNNdvg11uzu accountState=core-tombstone
[rpc] Independent post-burn asset fetch: fetchAsset address=LfYR3PZM8Ny1K4bdYhGBrf1JireYwDSCK5iKgDHi5JV
✔ full SPL Token and MPL Core lifecycle on devnet (32730.209208ms)
ℹ tests 1
ℹ suites 0
ℹ pass 1
ℹ fail 0
ℹ cancelled 0
ℹ skipped 0
ℹ todo 0
ℹ duration_ms 33823.263
