
> scripts-solana-2@1.0.0 test:devnet
> RUN_DEVNET_TESTS=true node --test -r ts-node/register tests/devnet.integration.test.ts

bigint: Failed to load bindings, pure JS will be used (try npm run rebuild?)
[rpc] Devnet genesis hash: started
[rpc] Devnet wallet balance: started
[rpc] Devnet wallet balance: complete elapsed=374ms
[rpc] Devnet genesis hash: complete elapsed=375ms

Devnet preflight passed
Wallet: /Users/mishra/.config/solana/id.json
Address: C9CnYM5j7bkH2JcBXkd4L9aYThLsSDnuDrDyJgg7thJh
Balance: 4.544751306 SOL
Cluster: devnet
RPC: https://api.devnet.solana.com/

[1/8] Create SPL Mint: started
[rpc] SPL mint rent exemption: started
[rpc] SPL mint rent exemption: complete elapsed=113ms
[sim] SPL transaction: signature=pUZ6WuEZ2yYeGibPuKxZrqtgvFhhjCLGnMr6pmo91TCjjfVvz9oL8bQsAZ48GU4ZRm7YAXWctbTH7JwZ4Tin9wE slot=492573323 result=ok units=249 logs=5
[tx] SPL transaction: signature=pUZ6WuEZ2yYeGibPuKxZrqtgvFhhjCLGnMr6pmo91TCjjfVvz9oL8bQsAZ48GU4ZRm7YAXWctbTH7JwZ4Tin9wE instructions=2 confirmation=confirmed status=sending
[tx] SPL transaction: signature=pUZ6WuEZ2yYeGibPuKxZrqtgvFhhjCLGnMr6pmo91TCjjfVvz9oL8bQsAZ48GU4ZRm7YAXWctbTH7JwZ4Tin9wE slot=492573327 confirmation=confirmed error=none elapsed=806ms
[rpc] Verify created SPL mint: started
[rpc] Verify created SPL mint: complete elapsed=137ms
[1/8] Create SPL Mint: complete elapsed=1172ms
[1/8] Create SPL Mint: mint=BozR6UN4NmqJRx7wud35FpQ7YgiAxi5fzXVfqvLTEtWC signature=pUZ6WuEZ2yYeGibPuKxZrqtgvFhhjCLGnMr6pmo91TCjjfVvz9oL8bQsAZ48GU4ZRm7YAXWctbTH7JwZ4Tin9wE
[2/8] Mint SPL Supply: started
[rpc] Fetch SPL mint before minting: started
[rpc] Fetch owner ATA before minting: started
[rpc] Fetch owner ATA before minting: complete elapsed=94ms
[rpc] Fetch SPL mint before minting: complete elapsed=102ms
[sim] SPL transaction: signature=2tM9cM9p2PN2VsCjFZdennqFe56RcsKGfTdQDiovwDLEmnFBzUzSMgQFatUbVQyuKzFuJHua4fcZkKBaFrAEfqCq slot=492573331 result=ok units=13567 logs=20
[tx] SPL transaction: signature=2tM9cM9p2PN2VsCjFZdennqFe56RcsKGfTdQDiovwDLEmnFBzUzSMgQFatUbVQyuKzFuJHua4fcZkKBaFrAEfqCq instructions=2 confirmation=confirmed status=sending
[tx] SPL transaction: signature=2tM9cM9p2PN2VsCjFZdennqFe56RcsKGfTdQDiovwDLEmnFBzUzSMgQFatUbVQyuKzFuJHua4fcZkKBaFrAEfqCq slot=492573334 confirmation=confirmed error=none elapsed=645ms
[rpc] Verify SPL mint supply: started
[rpc] Verify owner ATA balance: started
[rpc] Verify SPL mint supply: complete elapsed=85ms
[rpc] Verify owner ATA balance: complete elapsed=268ms
[2/8] Mint SPL Supply: complete elapsed=1128ms
[2/8] Mint SPL Supply: ata=D693w4GjwTakdVbr1e7geFTwdm5PZq8DMnVjBfReG5Pi signature=2tM9cM9p2PN2VsCjFZdennqFe56RcsKGfTdQDiovwDLEmnFBzUzSMgQFatUbVQyuKzFuJHua4fcZkKBaFrAEfqCq
[3/8] Transfer SPL Tokens: started
[rpc] Fetch source ATA before transfer: started
[rpc] Fetch source ATA before transfer: complete elapsed=254ms
[rpc] Fetch destination ATA before transfer: started
[rpc] Fetch destination ATA before transfer: complete elapsed=83ms
[sim] SPL transaction: signature=2kAtkBE1icvAQDwbvQrLVh4vgjy7SkNKA89DiXkaWKEiFBwWqEyxyXosoQpKrwJL3aPceEdSiCLB56odURiTFq74 slot=492573339 result=ok units=13623 logs=20
[tx] SPL transaction: signature=2kAtkBE1icvAQDwbvQrLVh4vgjy7SkNKA89DiXkaWKEiFBwWqEyxyXosoQpKrwJL3aPceEdSiCLB56odURiTFq74 instructions=2 confirmation=confirmed status=sending
[tx] SPL transaction: signature=2kAtkBE1icvAQDwbvQrLVh4vgjy7SkNKA89DiXkaWKEiFBwWqEyxyXosoQpKrwJL3aPceEdSiCLB56odURiTFq74 slot=492573342 confirmation=confirmed error=none elapsed=685ms
[rpc] Verify source ATA after transfer: started
[rpc] Verify destination ATA after transfer: started
[rpc] Verify destination ATA after transfer: complete elapsed=109ms
[rpc] Verify source ATA after transfer: complete elapsed=280ms
[3/8] Transfer SPL Tokens: complete elapsed=1404ms
[3/8] Transfer SPL Tokens: recipient=AG2yGCXHzpt3CT38bSkScAmByszJTPzMwsWwPLvYZnDr signature=2kAtkBE1icvAQDwbvQrLVh4vgjy7SkNKA89DiXkaWKEiFBwWqEyxyXosoQpKrwJL3aPceEdSiCLB56odURiTFq74
[metadata] initial=https://raw.githubusercontent.com/aashwani106/spl-nft-q326/main/tests/fixtures/core-metadata.json
[metadata] updated=https://raw.githubusercontent.com/aashwani106/spl-nft-q326/main/tests/fixtures/core-metadata-updated.json
[4/8] Create MPL Core Asset: started
[tx] Create MPL Core asset: preparing transaction
[sim] Create MPL Core asset: result=ok units=8333 logs=7
[tx] Create MPL Core asset: signature=3koNcibRjM9rehnKSgk5arB9866TfXXasHatKXuMFk7PuXZXchHSuhw5nGLdyAkEf1SAEkE3YDcatsX7egzyyGN3 status=submitted; awaiting finalized confirmation
Server responded with 429 Too Many Requests.  Retrying after 500ms delay...
Server responded with 429 Too Many Requests.  Retrying after 1000ms delay...
Server responded with 429 Too Many Requests.  Retrying after 500ms delay...
Server responded with 429 Too Many Requests.  Retrying after 2000ms delay...
Server responded with 429 Too Many Requests.  Retrying after 1000ms delay...
[tx] Create MPL Core asset: signature=3koNcibRjM9rehnKSgk5arB9866TfXXasHatKXuMFk7PuXZXchHSuhw5nGLdyAkEf1SAEkE3YDcatsX7egzyyGN3 slot=492573349 confirmation=finalized error=none elapsed=8522ms
[rpc] Verify created MPL Core asset: fetchAsset address=9Jh3ve1Buh8QtW6JqZ5eyUqziHGM5CCoKWaMgSbtQ3FB
[rpc] Verify created MPL Core asset: fetchAsset complete address=9Jh3ve1Buh8QtW6JqZ5eyUqziHGM5CCoKWaMgSbtQ3FB elapsed=91ms
[4/8] Create MPL Core Asset: complete elapsed=8617ms
[4/8] Create MPL Core Asset: asset=9Jh3ve1Buh8QtW6JqZ5eyUqziHGM5CCoKWaMgSbtQ3FB signature=3koNcibRjM9rehnKSgk5arB9866TfXXasHatKXuMFk7PuXZXchHSuhw5nGLdyAkEf1SAEkE3YDcatsX7egzyyGN3
[5/8] Unauthorized Update Test: started
[tx] Unauthorized MPL Core update: preparing transaction
[sim] Unauthorized MPL Core update: result=failed units=5366 logs=5
[sim] Unauthorized MPL Core update: expected negative-path failure; submitting with normal RPC preflight to verify the typed program error
[5/8] Unauthorized Update Test: failed elapsed=352ms error=AssertionError [ERR_ASSERTION]: The expression evaluated to a falsy value:

  ok(error instanceof mpl_core_1.InvalidAuthorityError)

✖ full SPL Token and MPL Core lifecycle on devnet (13093.288417ms)
ℹ tests 1
ℹ suites 0
ℹ pass 0
ℹ fail 1
ℹ cancelled 0
ℹ skipped 0
ℹ todo 0
ℹ duration_ms 14588.957083

✖ failing tests:

test at tests/devnet.integration.test.ts:51:25
✖ full SPL Token and MPL Core lifecycle on devnet (13093.288417ms)
  AssertionError [ERR_ASSERTION]: The expression evaluated to a falsy value:
  
    ok(error instanceof mpl_core_1.InvalidAuthorityError)
  
      at Object.<anonymous> (/Users/mishra/Desktop/solana/turbine/spl-nft-q326/tests/devnet.integration.test.ts:127:20)
      at expectedException (node:assert:578:17)
      at expectsError (node:assert:703:21)
      at strict.rejects (node:assert:769:3)
      at processTicksAndRejections (node:internal/process/task_queues:105:5)
      at async /Users/mishra/Desktop/solana/turbine/spl-nft-q326/tests/devnet.integration.test.ts:112:9
      at async lifecycleStep (/Users/mishra/Desktop/solana/turbine/spl-nft-q326/tests/devnet.integration.test.ts:34:20)
      at async TestContext.<anonymous> (/Users/mishra/Desktop/solana/turbine/spl-nft-q326/tests/devnet.integration.test.ts:109:5)
      at async Test.run (node:internal/test_runner/test:1113:7)
      at async startSubtestAfterBootstrap (node:internal/test_runner/harness:358:3) {
    generatedMessage: true,
    code: 'ERR_ASSERTION',
    actual: false,
    expected: true,
    operator: '==',
    diff: 'simple'
  }
