
> scripts-solana-2@1.0.0 test:devnet
> RUN_DEVNET_TESTS=true node --test -r ts-node/register tests/devnet.integration.test.ts

bigint: Failed to load bindings, pure JS will be used (try npm run rebuild?)
[rpc] Devnet genesis hash: started
[rpc] Devnet wallet balance: started
[rpc] Devnet wallet balance: complete elapsed=308ms
[rpc] Devnet genesis hash: complete elapsed=341ms

Devnet preflight passed
Wallet: /Users/mishra/.config/solana/id.json
Address: C9CnYM5j7bkH2JcBXkd4L9aYThLsSDnuDrDyJgg7thJh
Balance: 4.519438833 SOL
Cluster: devnet
RPC: https://api.devnet.solana.com/

[1/8] Create SPL Mint: started
[rpc] SPL mint rent exemption: started
[rpc] SPL mint rent exemption: complete elapsed=108ms
[sim] SPL transaction: signature=5ihTxofoSdB1DEBP1DoN4o52ths8GHzq54UVPrekWNYyRNnk6zHx3qtZZbEMc4MEmNDvLUfRhGF7jZk6jyDSsdhF slot=492574511 result=ok units=249 logs=5
[tx] SPL transaction: signature=5ihTxofoSdB1DEBP1DoN4o52ths8GHzq54UVPrekWNYyRNnk6zHx3qtZZbEMc4MEmNDvLUfRhGF7jZk6jyDSsdhF instructions=2 confirmation=confirmed status=sending
[tx] SPL transaction: signature=5ihTxofoSdB1DEBP1DoN4o52ths8GHzq54UVPrekWNYyRNnk6zHx3qtZZbEMc4MEmNDvLUfRhGF7jZk6jyDSsdhF slot=492574515 confirmation=confirmed error=none elapsed=677ms
[rpc] Verify created SPL mint: started
[rpc] Verify created SPL mint: complete elapsed=93ms
[1/8] Create SPL Mint: complete elapsed=1009ms
[1/8] Create SPL Mint: mint=AYyaDo8LUaGUMHyVAhr2KVgiLrpxRbuWK5A48Ep7jjSr signature=5ihTxofoSdB1DEBP1DoN4o52ths8GHzq54UVPrekWNYyRNnk6zHx3qtZZbEMc4MEmNDvLUfRhGF7jZk6jyDSsdhF
[2/8] Mint SPL Supply: started
[rpc] Fetch SPL mint before minting: started
[rpc] Fetch owner ATA before minting: started
[rpc] Fetch owner ATA before minting: complete elapsed=91ms
[rpc] Fetch SPL mint before minting: complete elapsed=337ms
[sim] SPL transaction: signature=53Rg8iCKoLiXc1WCexVCZ5xDZ6gCcRYYYt4Kg3MZ1dEkoDMUUjJnNL2uQUXKgbHmx2BXD8HdwRieuuzJEfUR6uoj slot=492574519 result=ok units=18067 logs=20
[tx] SPL transaction: signature=53Rg8iCKoLiXc1WCexVCZ5xDZ6gCcRYYYt4Kg3MZ1dEkoDMUUjJnNL2uQUXKgbHmx2BXD8HdwRieuuzJEfUR6uoj instructions=2 confirmation=confirmed status=sending
[tx] SPL transaction: signature=53Rg8iCKoLiXc1WCexVCZ5xDZ6gCcRYYYt4Kg3MZ1dEkoDMUUjJnNL2uQUXKgbHmx2BXD8HdwRieuuzJEfUR6uoj slot=492574523 confirmation=confirmed error=none elapsed=855ms
[rpc] Verify SPL mint supply: started
[rpc] Verify owner ATA balance: started
[rpc] Verify SPL mint supply: complete elapsed=87ms
[rpc] Verify owner ATA balance: complete elapsed=255ms
[2/8] Mint SPL Supply: complete elapsed=1556ms
[2/8] Mint SPL Supply: ata=48weFSBcCggW9aniAZevb9zpfphwYZWpnojcz8QWBrXu signature=53Rg8iCKoLiXc1WCexVCZ5xDZ6gCcRYYYt4Kg3MZ1dEkoDMUUjJnNL2uQUXKgbHmx2BXD8HdwRieuuzJEfUR6uoj
[3/8] Transfer SPL Tokens: started
[rpc] Fetch source ATA before transfer: started
[rpc] Fetch source ATA before transfer: complete elapsed=89ms
[rpc] Fetch destination ATA before transfer: started
[rpc] Fetch destination ATA before transfer: complete elapsed=90ms
[sim] SPL transaction: signature=2EE25GkaAqBUKzjGY7YMt6TEQugr9baPQjeKzT3xCuitYTSVQo8whzpephJd6FftwcXnnSJXavNCGCc3ZZ3N9hWC slot=492574527 result=ok units=15123 logs=20
[tx] SPL transaction: signature=2EE25GkaAqBUKzjGY7YMt6TEQugr9baPQjeKzT3xCuitYTSVQo8whzpephJd6FftwcXnnSJXavNCGCc3ZZ3N9hWC instructions=2 confirmation=confirmed status=sending
[tx] SPL transaction: signature=2EE25GkaAqBUKzjGY7YMt6TEQugr9baPQjeKzT3xCuitYTSVQo8whzpephJd6FftwcXnnSJXavNCGCc3ZZ3N9hWC slot=492574531 confirmation=confirmed error=none elapsed=715ms
[rpc] Verify source ATA after transfer: started
[rpc] Verify destination ATA after transfer: started
[rpc] Verify destination ATA after transfer: complete elapsed=87ms
[rpc] Verify source ATA after transfer: complete elapsed=326ms
[3/8] Transfer SPL Tokens: complete elapsed=1392ms
[3/8] Transfer SPL Tokens: recipient=DKRiThKMu32Ey1zQfbNEBWawbs1Gfvu2KZFJ24gWSzLz signature=2EE25GkaAqBUKzjGY7YMt6TEQugr9baPQjeKzT3xCuitYTSVQo8whzpephJd6FftwcXnnSJXavNCGCc3ZZ3N9hWC
[metadata] initial=https://raw.githubusercontent.com/aashwani106/spl-nft-q326/main/tests/fixtures/core-metadata.json
[metadata] updated=https://raw.githubusercontent.com/aashwani106/spl-nft-q326/main/tests/fixtures/core-metadata-updated.json
[4/8] Create MPL Core Asset: started
[tx] Create MPL Core asset: preparing transaction
[sim] Create MPL Core asset: result=ok units=8333 logs=7
[tx] Create MPL Core asset: signature=ygjCprcJda6evMQBtDPZrQCNFcTQhe1ZY5TuD2SE81TABYivvBh7i154JNKH2qVfZrLmWxgqxK7Ku3tieBBgiaC status=submitted; awaiting finalized confirmation
Server responded with 429 Too Many Requests.  Retrying after 500ms delay...
Server responded with 429 Too Many Requests.  Retrying after 1000ms delay...
Server responded with 429 Too Many Requests.  Retrying after 500ms delay...
[tx] Create MPL Core asset: signature=ygjCprcJda6evMQBtDPZrQCNFcTQhe1ZY5TuD2SE81TABYivvBh7i154JNKH2qVfZrLmWxgqxK7Ku3tieBBgiaC slot=492574538 confirmation=finalized error=none elapsed=6877ms
[rpc] Verify created MPL Core asset: fetchAsset address=BcuJsvuU1CAwUKXnY4hkbH29g4NY6E5AFQ63JTGHvL2u
[rpc] Verify created MPL Core asset: fetchAsset complete address=BcuJsvuU1CAwUKXnY4hkbH29g4NY6E5AFQ63JTGHvL2u elapsed=85ms
[4/8] Create MPL Core Asset: complete elapsed=6968ms
[4/8] Create MPL Core Asset: asset=BcuJsvuU1CAwUKXnY4hkbH29g4NY6E5AFQ63JTGHvL2u signature=ygjCprcJda6evMQBtDPZrQCNFcTQhe1ZY5TuD2SE81TABYivvBh7i154JNKH2qVfZrLmWxgqxK7Ku3tieBBgiaC
[5/8] Unauthorized Update Test: started
[tx] Unauthorized MPL Core update: preparing transaction
Server responded with 429 Too Many Requests.  Retrying after 2000ms delay...
Server responded with 429 Too Many Requests.  Retrying after 500ms delay...
[sim] Unauthorized MPL Core update: result=failed units=5366 logs=5
[sim] Unauthorized MPL Core update: error={"InstructionError":[0,{"Custom":26}]}
Program CoREENxT6tW1HoK8ypY1SxRMZTcVPm7R94rH4PZNhX7d invoke [1]
Program log: Instruction: UpdateV2
Program log: Error: Custom program error: 0x1a
Program CoREENxT6tW1HoK8ypY1SxRMZTcVPm7R94rH4PZNhX7d consumed 5366 of 200000 compute units
Program CoREENxT6tW1HoK8ypY1SxRMZTcVPm7R94rH4PZNhX7d failed: custom program error: 0x1a
[5/8] Unauthorized Update Test: expectedError=NoApprovals
[5/8] Unauthorized Update Test: complete elapsed=987ms
[rpc] Verify rejected unauthorized update: fetchAsset address=BcuJsvuU1CAwUKXnY4hkbH29g4NY6E5AFQ63JTGHvL2u
Server responded with 429 Too Many Requests.  Retrying after 500ms delay...
[rpc] Verify rejected unauthorized update: fetchAsset complete address=BcuJsvuU1CAwUKXnY4hkbH29g4NY6E5AFQ63JTGHvL2u elapsed=957ms
[6/8] Authorized Update: started
[rpc] Fetch MPL Core asset before update: fetchAsset address=BcuJsvuU1CAwUKXnY4hkbH29g4NY6E5AFQ63JTGHvL2u
[rpc] Fetch MPL Core asset before update: fetchAsset complete address=BcuJsvuU1CAwUKXnY4hkbH29g4NY6E5AFQ63JTGHvL2u elapsed=99ms
[tx] Update MPL Core asset: preparing transaction
[sim] Update MPL Core asset: result=ok units=7969 logs=7
Server responded with 429 Too Many Requests.  Retrying after 4000ms delay...
Server responded with 429 Too Many Requests.  Retrying after 500ms delay...
[tx] Update MPL Core asset: signature=2xRqmdJgXuuD45GAh8PNABsVsaT2TfjJ2ZrY4x3XtuRFh5dLKC6mB3fAf3qpGdPkBEEe7PNs8cLKmhMS3pumeUsW status=submitted; awaiting finalized confirmation
[tx] Update MPL Core asset: signature=2xRqmdJgXuuD45GAh8PNABsVsaT2TfjJ2ZrY4x3XtuRFh5dLKC6mB3fAf3qpGdPkBEEe7PNs8cLKmhMS3pumeUsW slot=492574596 confirmation=finalized error=none elapsed=7138ms
[rpc] Verify updated MPL Core asset: fetchAsset address=BcuJsvuU1CAwUKXnY4hkbH29g4NY6E5AFQ63JTGHvL2u
[rpc] Verify updated MPL Core asset: fetchAsset complete address=BcuJsvuU1CAwUKXnY4hkbH29g4NY6E5AFQ63JTGHvL2u elapsed=90ms
[6/8] Authorized Update: complete elapsed=7329ms
[6/8] Authorized Update: signature=2xRqmdJgXuuD45GAh8PNABsVsaT2TfjJ2ZrY4x3XtuRFh5dLKC6mB3fAf3qpGdPkBEEe7PNs8cLKmhMS3pumeUsW
[7/8] Transfer NFT: started
[rpc] Fetch MPL Core asset before transfer: fetchAsset address=BcuJsvuU1CAwUKXnY4hkbH29g4NY6E5AFQ63JTGHvL2u
[rpc] Fetch MPL Core asset before transfer: fetchAsset complete address=BcuJsvuU1CAwUKXnY4hkbH29g4NY6E5AFQ63JTGHvL2u elapsed=85ms
[tx] Transfer MPL Core asset: preparing transaction
[sim] Transfer MPL Core asset: result=ok units=4028 logs=5
[tx] Transfer MPL Core asset: signature=CPbb7VLPHEPSBFgJRUDrDe3YPL3hQaDvGPjm9ZnfiG9doqcaLqprTRTsM1p3qET3TCgYqdNWVK7BStS3RPgiVR9 status=submitted; awaiting finalized confirmation
[tx] Transfer MPL Core asset: signature=CPbb7VLPHEPSBFgJRUDrDe3YPL3hQaDvGPjm9ZnfiG9doqcaLqprTRTsM1p3qET3TCgYqdNWVK7BStS3RPgiVR9 slot=492574635 confirmation=finalized error=none elapsed=6235ms
[rpc] Verify transferred MPL Core asset: fetchAsset address=BcuJsvuU1CAwUKXnY4hkbH29g4NY6E5AFQ63JTGHvL2u
[rpc] Verify transferred MPL Core asset: fetchAsset complete address=BcuJsvuU1CAwUKXnY4hkbH29g4NY6E5AFQ63JTGHvL2u elapsed=89ms
[7/8] Transfer NFT: complete elapsed=6412ms
[7/8] Transfer NFT: recipient=HdA1t3x4GWgySKLN3AkCNgasfT2nww256eXTbqjKWbVN signature=CPbb7VLPHEPSBFgJRUDrDe3YPL3hQaDvGPjm9ZnfiG9doqcaLqprTRTsM1p3qET3TCgYqdNWVK7BStS3RPgiVR9
[8/8] Burn NFT: started
[rpc] Fetch MPL Core asset before burn: fetchAsset address=BcuJsvuU1CAwUKXnY4hkbH29g4NY6E5AFQ63JTGHvL2u
[rpc] Fetch MPL Core asset before burn: fetchAsset complete address=BcuJsvuU1CAwUKXnY4hkbH29g4NY6E5AFQ63JTGHvL2u elapsed=84ms
[tx] Burn MPL Core asset: preparing transaction
[sim] Burn MPL Core asset: result=failed units=3975 logs=5
[sim] Burn MPL Core asset: error={"InstructionError":[0,{"Custom":26}]}
Program CoREENxT6tW1HoK8ypY1SxRMZTcVPm7R94rH4PZNhX7d invoke [1]
Program log: Instruction: Burn
Program log: Error: Custom program error: 0x1a
Program CoREENxT6tW1HoK8ypY1SxRMZTcVPm7R94rH4PZNhX7d consumed 3975 of 200000 compute units
Program CoREENxT6tW1HoK8ypY1SxRMZTcVPm7R94rH4PZNhX7d failed: custom program error: 0x1a
[8/8] Burn NFT: failed elapsed=314ms error=[NoApprovals] Neither the asset or any plugins have approved this operation

Source: Program > mplCore [CoREENxT6tW1HoK8ypY1SxRMZTcVPm7R94rH4PZNhX7d]

Caused By: Error: Burn MPL Core asset simulation failed: [object Object]
Program CoREENxT6tW1HoK8ypY1SxRMZTcVPm7R94rH4PZNhX7d invoke [1]
Program log: Instruction: Burn
Program log: Error: Custom program error: 0x1a
Program CoREENxT6tW1HoK8ypY1SxRMZTcVPm7R94rH4PZNhX7d consumed 3975 of 200000 compute units
Program CoREENxT6tW1HoK8ypY1SxRMZTcVPm7R94rH4PZNhX7d failed: custom program error: 0x1a

Program Logs:
| Program CoREENxT6tW1HoK8ypY1SxRMZTcVPm7R94rH4PZNhX7d invoke [1]
| Program log: Instruction: Burn
| Program log: Error: Custom program error: 0x1a
| Program CoREENxT6tW1HoK8ypY1SxRMZTcVPm7R94rH4PZNhX7d consumed 3975 of 200000 compute units
| Program CoREENxT6tW1HoK8ypY1SxRMZTcVPm7R94rH4PZNhX7d failed: custom program error: 0x1a

✖ full SPL Token and MPL Core lifecycle on devnet (27316.9365ms)
ℹ tests 1
ℹ suites 0
ℹ pass 0
ℹ fail 1
ℹ cancelled 0
ℹ skipped 0
ℹ todo 0
ℹ duration_ms 28608.387292

✖ failing tests:

test at tests/devnet.integration.test.ts:51:25
✖ full SPL Token and MPL Core lifecycle on devnet (27316.9365ms)
  NoApprovals: Neither the asset or any plugins have approved this operation
  
  Source: Program > mplCore [CoREENxT6tW1HoK8ypY1SxRMZTcVPm7R94rH4PZNhX7d]
  
  Caused By: Error: Burn MPL Core asset simulation failed: [object Object]
  Program CoREENxT6tW1HoK8ypY1SxRMZTcVPm7R94rH4PZNhX7d invoke [1]
  Program log: Instruction: Burn
  Program log: Error: Custom program error: 0x1a
  Program CoREENxT6tW1HoK8ypY1SxRMZTcVPm7R94rH4PZNhX7d consumed 3975 of 200000 compute units
  Program CoREENxT6tW1HoK8ypY1SxRMZTcVPm7R94rH4PZNhX7d failed: custom program error: 0x1a
  
  Program Logs:
  | Program CoREENxT6tW1HoK8ypY1SxRMZTcVPm7R94rH4PZNhX7d invoke [1]
  | Program log: Instruction: Burn
  | Program log: Error: Custom program error: 0x1a
  | Program CoREENxT6tW1HoK8ypY1SxRMZTcVPm7R94rH4PZNhX7d consumed 3975 of 200000 compute units
  | Program CoREENxT6tW1HoK8ypY1SxRMZTcVPm7R94rH4PZNhX7d failed: custom program error: 0x1a
  
      at getMplCoreErrorFromCode (/Users/mishra/Desktop/solana/turbine/spl-nft-q326/node_modules/@metaplex-foundation/mpl-core/src/generated/errors/mplCore.ts:837:24)
      at Object.getErrorFromCode (/Users/mishra/Desktop/solana/turbine/spl-nft-q326/node_modules/@metaplex-foundation/mpl-core/src/generated/programs/mplCore.ts:25:37)
      at resolveInstructionError (/Users/mishra/Desktop/solana/turbine/spl-nft-q326/src/umi-diagnostics.ts:36:6)
      at sendAndConfirmUmi (/Users/mishra/Desktop/solana/turbine/spl-nft-q326/src/umi-diagnostics.ts:77:7)
      at processTicksAndRejections (node:internal/process/task_queues:105:5)
      ... 4 lines matching cause stack trace ...
      at async startSubtestAfterBootstrap (node:internal/test_runner/harness:358:3) {
    [cause]: Error: Burn MPL Core asset simulation failed: [object Object]
    Program CoREENxT6tW1HoK8ypY1SxRMZTcVPm7R94rH4PZNhX7d invoke [1]
    Program log: Instruction: Burn
    Program log: Error: Custom program error: 0x1a
    Program CoREENxT6tW1HoK8ypY1SxRMZTcVPm7R94rH4PZNhX7d consumed 3975 of 200000 compute units
    Program CoREENxT6tW1HoK8ypY1SxRMZTcVPm7R94rH4PZNhX7d failed: custom program error: 0x1a
        at sendAndConfirmUmi (/Users/mishra/Desktop/solana/turbine/spl-nft-q326/src/umi-diagnostics.ts:71:7)
        at processTicksAndRejections (node:internal/process/task_queues:105:5)
        at async burnCoreNft (/Users/mishra/Desktop/solana/turbine/spl-nft-q326/src/nft/nft_burn.ts:111:18)
        at async lifecycleStep (/Users/mishra/Desktop/solana/turbine/spl-nft-q326/tests/devnet.integration.test.ts:34:20)
        at async TestContext.<anonymous> (/Users/mishra/Desktop/solana/turbine/spl-nft-q326/tests/devnet.integration.test.ts:167:25)
        at async Test.run (node:internal/test_runner/test:1113:7)
        at async startSubtestAfterBootstrap (node:internal/test_runner/harness:358:3)
  }
